Duplicated package: z ./node_modules/a/node_modules/z (chosen) vs ./node_modules/z in .
