File "/.../fixtures/syntaxErrors5.re", line 2, characters 0-0:
Error: Unclosed "(" (opened line 1, column 8)

  [1;31mWe've found a bug for you![0m
  [36m/.../fixtures/syntaxErrors5.re[0m
  
  [1;33mThere's been an error running Reason's parser on a file.[0m
  The error location should be slightly above this message.
  Please file an issue on github.com/facebook/reason. Thanks!