
  [1;33mWarning number 9[0m
  [36m/.../fixtures/warnings5.res[0m:[2m12:3-21[0m

  10 [2mâ”‚[0m 
  11 [2mâ”‚[0m switch y {
  [1;33m12[0m [2mâ”‚[0m | [1;33m{otherValue: false}[0m => Js.log("first")
  13 [2mâ”‚[0m }
  14 [2mâ”‚[0m 

  the following labels are not bound in this record pattern: someValue, typ
Either bind these labels explicitly or add ', _' to the pattern.


  [1;33mWarning number 8[0m
  [36m/.../fixtures/warnings5.res[0m:[2m11:1-13:1[0m

   9 [2mâ”‚[0m @val external y: someRecord = "otherVariable"
  10 [2mâ”‚[0m 
  [1;33m11[0m [2mâ”‚[0m [1;33mswitch y {[0m
  [1;33m12[0m [2mâ”‚[0m [1;33m| {otherValue: false} => Js.log("first")[0m
  [1;33m13[0m [2mâ”‚[0m [1;33m}[0m
  14 [2mâ”‚[0m 
  15 [2mâ”‚[0m switch y {

  You forgot to handle a possible case here, for example: 
  {otherValue: true}


  [1;33mWarning number 9[0m
  [36m/.../fixtures/warnings5.res[0m:[2m16:3-26[0m

  14 [2mâ”‚[0m 
  15 [2mâ”‚[0m switch y {
  [1;33m16[0m [2mâ”‚[0m | [1;33m{typ: WithPayload(true)}[0m => Js.log("first")
  17 [2mâ”‚[0m }
  18 [2mâ”‚[0m 

  the following labels are not bound in this record pattern: someValue, otherValue
Either bind these labels explicitly or add ', _' to the pattern.


  [1;33mWarning number 8[0m
  [36m/.../fixtures/warnings5.res[0m:[2m15:1-17:1[0m

  13 [2mâ”‚[0m }
  14 [2mâ”‚[0m 
  [1;33m15[0m [2mâ”‚[0m [1;33mswitch y {[0m
  [1;33m16[0m [2mâ”‚[0m [1;33m| {typ: WithPayload(true)} => Js.log("first")[0m
  [1;33m17[0m [2mâ”‚[0m [1;33m}[0m
  18 [2mâ”‚[0m 
  19 [2mâ”‚[0m let arr = [1]

  You forgot to handle a possible case here, for example: 
  {typ: WithPayload(false)} | 
{typ: Variant | One | Two | Three | Four | Five | Six | Seven(_)}


  [1;33mWarning number 8[0m
  [36m/.../fixtures/warnings5.res[0m:[2m21:1-23:1[0m

  19 [2mâ”‚[0m let arr = [1]
  20 [2mâ”‚[0m 
  [1;33m21[0m [2mâ”‚[0m [1;33mswitch arr {[0m
  [1;33m22[0m [2mâ”‚[0m [1;33m| [] => Js.log("")[0m
  [1;33m23[0m [2mâ”‚[0m [1;33m}[0m
  24 [2mâ”‚[0m 
  25 [2mâ”‚[0m switch arr {

  You forgot to handle a possible case here, for example: 
  [_]


  [1;33mWarning number 8[0m
  [36m/.../fixtures/warnings5.res[0m:[2m25:1-27:1[0m

  23 [2mâ”‚[0m }
  24 [2mâ”‚[0m 
  [1;33m25[0m [2mâ”‚[0m [1;33mswitch arr {[0m
  [1;33m26[0m [2mâ”‚[0m [1;33m| [one] => Js.log(one)[0m
  [1;33m27[0m [2mâ”‚[0m [1;33m}[0m
  28 [2mâ”‚[0m 

  You forgot to handle a possible case here, for example: 
  []